.\data\Oct 08 2023\Science\g'\run2\BL_Lac_g'-0222.fit
.\data\Oct 08 2023\Science\g'\run2\BL_Lac_g'-0225.fit
.\data\Oct 08 2023\Science\g'\run2\BL_Lac_g'-0226.fit
.\data\Oct 08 2023\Science\g'\run2\BL_Lac_g'-0227.fit
.\data\Oct 08 2023\Science\g'\run2\BL_Lac_g'-0230.fit
.\data\Oct 08 2023\Science\g'\run2\BL_Lac_g'-0233.fit
.\data\Oct 08 2023\Science\g'\run3\BL_Lac_g'-0242.fit
.\data\Oct 08 2023\Science\g'\run3\BL_Lac_g'-0243.fit
.\data\Oct 08 2023\Science\i'\run3\BL_Lac_i'-0336.fit
.\data\Oct 13 2023\Science\g'\run2\BL_Lac_g'-0182.fit
.\data\Oct 13 2023\Science\g'\run3\BL_Lac_g'-0300.fit
.\data\Oct 13 2023\Science\i'\run2\BL_Lac_i'-0174.fit
.\data\Oct 13 2023\Science\i'\run2\BL_Lac_i'-0175.fit
.\data\Oct 13 2023\Science\i'\run3\BL_Lac_i'-0242.fit
.\data\Oct 13 2023\Science\i'\run3\BL_Lac_i'-0257.fit
.\data\Oct 13 2023\Science\i'\run3\BL_Lac_i'-0262.fit
.\data\Oct 13 2023\Science\i'\run3\BL_Lac_i'-0263.fit
.\data\Oct 13 2023\Science\i'\run3\BL_Lac_i'-0264.fit
.\data\Oct 13 2023\Science\i'\run3\BL_Lac_i'-0265.fit
.\data\Oct 13 2023\Science\i'\run3\BL_Lac_i'-0266.fit
.\data\Oct 13 2023\Science\i'\run3\BL_Lac_i'-0267.fit
.\data\Oct 13 2023\Science\i'\run3\BL_Lac_i'-0268.fit
.\data\Oct 13 2023\Science\i'\run3\BL_Lac_i'-0269.fit
.\data\Oct 13 2023\Science\i'\run3\BL_Lac_i'-0270.fit
.\data\Oct 13 2023\Science\i'\run3\BL_Lac_i'-0271.fit
.\data\Oct 13 2023\Science\i'\run3\BL_Lac_i'-0272.fit
.\data\Oct 13 2023\Science\i'\run3\BL_Lac_i'-0273.fit
.\data\Oct 13 2023\Science\i'\run3\BL_Lac_i'-0274.fit
.\data\Oct 13 2023\Science\i'\run3\BL_Lac_i'-0275.fit
.\data\Oct 13 2023\Science\i'\run3\BL_Lac_i'-0276.fit
.\data\Oct 13 2023\Science\i'\run3\BL_Lac_i'-0277.fit
.\data\Oct 13 2023\Science\i'\run3\BL_Lac_i'-0278.fit
.\data\Oct 13 2023\Science\i'\run3\BL_Lac_i'-0279.fit
.\data\Oct 13 2023\Science\i'\run3\BL_Lac_i'-0280.fit
.\data\Oct 13 2023\Science\i'\run3\BL_Lac_i'-0282.fit
.\data\Oct 13 2023\Science\i'\run3\BL_Lac_i'-0283.fit